// Jest Snapshot v1, https://goo.gl/fbAQLP

exports[`should render DetailView component 1`] = `ShallowWrapper {}`;
