// Jest Snapshot v1, https://goo.gl/fbAQLP

exports[`CartDropdown component should render CartDropdown component 1`] = `ShallowWrapper {}`;

exports[`CartDropdown component should render SearchBox component 1`] = `ShallowWrapper {}`;
